{
  "errorLabelSet": {},
  "reason": {
    "type": "ReplicaSetNoPrimary",
    "servers": {
      "ac-5cun7cd-shard-00-00.rbiphvv.mongodb.net:27017": {
        "address": "ac-5cun7cd-shard-00-00.rbiphvv.mongodb.net:27017",
        "type": "Unknown",
        "hosts": [],
        "passives": [],
        "arbiters": [],
        "tags": {},
        "minWireVersion": 0,
        "maxWireVersion": 0,
        "roundTripTime": -1,
        "minRoundTripTime": 0,
        "lastUpdateTime": 4340795,
        "lastWriteDate": 0,
        "error": {
          "errorLabelSet": {},
          "beforeHandshake": false
        },
        "topologyVersion": null,
        "setName": null,
        "setVersion": null,
        "electionId": null,
        "logicalSessionTimeoutMinutes": null,
        "maxMessageSizeBytes": null,
        "maxWriteBatchSize": null,
        "maxBsonObjectSize": null,
        "primary": null,
        "me": null,
        "$clusterTime": null,
        "iscryptd": false
      },
      "ac-5cun7cd-shard-00-02.rbiphvv.mongodb.net:27017": {
        "address": "ac-5cun7cd-shard-00-02.rbiphvv.mongodb.net:27017",
        "type": "Unknown",
        "hosts": [],
        "passives": [],
        "arbiters": [],
        "tags": {},
        "minWireVersion": 0,
        "maxWireVersion": 0,
        "roundTripTime": -1,
        "minRoundTripTime": 0,
        "lastUpdateTime": 4340749,
        "lastWriteDate": 0,
        "error": {
          "errorLabelSet": {},
          "beforeHandshake": false
        },
        "topologyVersion": null,
        "setName": null,
        "setVersion": null,
        "electionId": null,
        "logicalSessionTimeoutMinutes": null,
        "maxMessageSizeBytes": null,
        "maxWriteBatchSize": null,
        "maxBsonObjectSize": null,
        "primary": null,
        "me": null,
        "$clusterTime": null,
        "iscryptd": false
      },
      "ac-5cun7cd-shard-00-01.rbiphvv.mongodb.net:27017": {
        "address": "ac-5cun7cd-shard-00-01.rbiphvv.mongodb.net:27017",
        "type": "Unknown",
        "hosts": [],
        "passives": [],
        "arbiters": [],
        "tags": {},
        "minWireVersion": 0,
        "maxWireVersion": 0,
        "roundTripTime": -1,
        "minRoundTripTime": 0,
        "lastUpdateTime": 4340855,
        "lastWriteDate": 0,
        "error": {
          "errorLabelSet": {},
          "beforeHandshake": false
        },
        "topologyVersion": null,
        "setName": null,
        "setVersion": null,
        "electionId": null,
        "logicalSessionTimeoutMinutes": null,
        "maxMessageSizeBytes": null,
        "maxWriteBatchSize": null,
        "maxBsonObjectSize": null,
        "primary": null,
        "me": null,
        "$clusterTime": null,
        "iscryptd": false
      }
    },
    "stale": false,
    "compatible": true,
    "heartbeatFrequencyMS": 10000,
    "localThresholdMS": 15,
    "setName": "atlas-ee5ccj-shard-0",
    "maxElectionId": {
      "$oid": "7fffffff0000000000000121"
    },
    "maxSetVersion": 68,
    "commonWireVersion": 25,
    "logicalSessionTimeoutMinutes": null
  }
}
MongoServerSelectionError: getaddrinfo ENOTFOUND ac-5cun7cd-shard-00-00.rbiphvv.mongodb.net
    at Topology.selectServer (D:\COMPANY PORJTECS\Exam management folder\Final Exam SaaS Product\backend\node_modules\mongodb\src\sdam\topology.ts:638:30)
    at async executeOperationWithRetries (D:\COMPANY PORJTECS\Exam management folder\Final Exam SaaS Product\backend\node_modules\mongodb\src\operations\execute_operation.ts:217:16)
    at async executeOperation (D:\COMPANY PORJTECS\Exam management folder\Final Exam SaaS Product\backend\node_modules\mongodb\src\operations\execute_operation.ts:127:12)
    at async FindCursor._initialize (D:\COMPANY PORJTECS\Exam management folder\Final Exam SaaS Product\backend\node_modules\mongodb\src\cursor\find_cursor.ts:92:22)
    at async FindCursor.cursorInit (D:\COMPANY PORJTECS\Exam management folder\Final Exam SaaS Product\backend\node_modules\mongodb\src\cursor\abstract_cursor.ts:917:21)
    at async FindCursor.fetchBatch (D:\COMPANY PORJTECS\Exam management folder\Final Exam SaaS Product\backend\node_modules\mongodb\src\cursor\abstract_cursor.ts:955:7)
    at async FindCursor.next (D:\COMPANY PORJTECS\Exam management folder\Final Exam SaaS Product\backend\node_modules\mongodb\src\cursor\abstract_cursor.ts:573:9)
    at async FindCursor.[Symbol.asyncIterator] (D:\COMPANY PORJTECS\Exam management folder\Final Exam SaaS Product\backend\node_modules\mongodb\src\cursor\abstract_cursor.ts:492:26)
    at async FindCursor.toArray (D:\COMPANY PORJTECS\Exam management folder\Final Exam SaaS Product\backend\node_modules\mongodb\src\cursor\abstract_cursor.ts:661:22)
    at async model.Query._find (D:\COMPANY PORJTECS\Exam management folder\Final Exam SaaS Product\backend\node_modules\mongoose\lib\query.js:2475:14)